// Vitest Snapshot v1, https://vitest.dev/guide/snapshot.html

exports[`<Button /> > should match snapshot 1`] = `
<button
  class="sc-dcJsrY bDWePn"
  title="click me"
  type="button"
>
  button
</button>
`;

exports[`<Button /> should match snapshot 1`] = `
<button
  class="sc-dcJsrY bDWePn"
  title="click me"
  type="button"
>
  button
</button>
`;
